// Vitest Snapshot v1, https://vitest.dev/guide/snapshot.html

exports[`<NewBlogForm /> should pass a snapshot testing 1`] = `
{
  "asFragment": [Function],
  "baseElement": <body>
    <div>
      <div>
        <h2>
          Create new Blog
        </h2>
        <form>
          <div>
            Title:
            <input
              placeholder="add a blog title here"
              type="text"
              value=""
            />
          </div>
          <div>
            Author:
            <input
              placeholder="add a blog author here"
              type="text"
              value=""
            />
          </div>
          <div>
            Url:
            <input
              placeholder="add a blog url here"
              type="text"
              value=""
            />
          </div>
          <button
            type="submit"
          >
            create
          </button>
        </form>
      </div>
    </div>
  </body>,
  "container": <div>
    <div>
      <h2>
        Create new Blog
      </h2>
      <form>
        <div>
          Title:
          <input
            placeholder="add a blog title here"
            type="text"
            value=""
          />
        </div>
        <div>
          Author:
          <input
            placeholder="add a blog author here"
            type="text"
            value=""
          />
        </div>
        <div>
          Url:
          <input
            placeholder="add a blog url here"
            type="text"
            value=""
          />
        </div>
        <button
          type="submit"
        >
          create
        </button>
      </form>
    </div>
  </div>,
  "debug": [Function],
  "findAllByAltText": [Function],
  "findAllByDisplayValue": [Function],
  "findAllByLabelText": [Function],
  "findAllByPlaceholderText": [Function],
  "findAllByRole": [Function],
  "findAllByTestId": [Function],
  "findAllByText": [Function],
  "findAllByTitle": [Function],
  "findByAltText": [Function],
  "findByDisplayValue": [Function],
  "findByLabelText": [Function],
  "findByPlaceholderText": [Function],
  "findByRole": [Function],
  "findByTestId": [Function],
  "findByText": [Function],
  "findByTitle": [Function],
  "getAllByAltText": [Function],
  "getAllByDisplayValue": [Function],
  "getAllByLabelText": [Function],
  "getAllByPlaceholderText": [Function],
  "getAllByRole": [Function],
  "getAllByTestId": [Function],
  "getAllByText": [Function],
  "getAllByTitle": [Function],
  "getByAltText": [Function],
  "getByDisplayValue": [Function],
  "getByLabelText": [Function],
  "getByPlaceholderText": [Function],
  "getByRole": [Function],
  "getByTestId": [Function],
  "getByText": [Function],
  "getByTitle": [Function],
  "queryAllByAltText": [Function],
  "queryAllByDisplayValue": [Function],
  "queryAllByLabelText": [Function],
  "queryAllByPlaceholderText": [Function],
  "queryAllByRole": [Function],
  "queryAllByTestId": [Function],
  "queryAllByText": [Function],
  "queryAllByTitle": [Function],
  "queryByAltText": [Function],
  "queryByDisplayValue": [Function],
  "queryByLabelText": [Function],
  "queryByPlaceholderText": [Function],
  "queryByRole": [Function],
  "queryByTestId": [Function],
  "queryByText": [Function],
  "queryByTitle": [Function],
  "rerender": [Function],
  "unmount": [Function],
}
`;

exports[`<NewBlogForm /> updates parent state and calls onSubmit 1`] = `
{
  "asFragment": [Function],
  "baseElement": <body>
    <div>
      <div>
        <h2>
          Create new Blog
        </h2>
        <form>
          <div>
            Title:
            <input
              placeholder="add a blog title here"
              type="text"
              value=""
            />
          </div>
          <div>
            Author:
            <input
              placeholder="add a blog author here"
              type="text"
              value=""
            />
          </div>
          <div>
            Url:
            <input
              placeholder="add a blog url here"
              type="text"
              value=""
            />
          </div>
          <button
            type="submit"
          >
            create
          </button>
        </form>
      </div>
    </div>
  </body>,
  "container": <div>
    <div>
      <h2>
        Create new Blog
      </h2>
      <form>
        <div>
          Title:
          <input
            placeholder="add a blog title here"
            type="text"
            value=""
          />
        </div>
        <div>
          Author:
          <input
            placeholder="add a blog author here"
            type="text"
            value=""
          />
        </div>
        <div>
          Url:
          <input
            placeholder="add a blog url here"
            type="text"
            value=""
          />
        </div>
        <button
          type="submit"
        >
          create
        </button>
      </form>
    </div>
  </div>,
  "debug": [Function],
  "findAllByAltText": [Function],
  "findAllByDisplayValue": [Function],
  "findAllByLabelText": [Function],
  "findAllByPlaceholderText": [Function],
  "findAllByRole": [Function],
  "findAllByTestId": [Function],
  "findAllByText": [Function],
  "findAllByTitle": [Function],
  "findByAltText": [Function],
  "findByDisplayValue": [Function],
  "findByLabelText": [Function],
  "findByPlaceholderText": [Function],
  "findByRole": [Function],
  "findByTestId": [Function],
  "findByText": [Function],
  "findByTitle": [Function],
  "getAllByAltText": [Function],
  "getAllByDisplayValue": [Function],
  "getAllByLabelText": [Function],
  "getAllByPlaceholderText": [Function],
  "getAllByRole": [Function],
  "getAllByTestId": [Function],
  "getAllByText": [Function],
  "getAllByTitle": [Function],
  "getByAltText": [Function],
  "getByDisplayValue": [Function],
  "getByLabelText": [Function],
  "getByPlaceholderText": [Function],
  "getByRole": [Function],
  "getByTestId": [Function],
  "getByText": [Function],
  "getByTitle": [Function],
  "queryAllByAltText": [Function],
  "queryAllByDisplayValue": [Function],
  "queryAllByLabelText": [Function],
  "queryAllByPlaceholderText": [Function],
  "queryAllByRole": [Function],
  "queryAllByTestId": [Function],
  "queryAllByText": [Function],
  "queryAllByTitle": [Function],
  "queryByAltText": [Function],
  "queryByDisplayValue": [Function],
  "queryByLabelText": [Function],
  "queryByPlaceholderText": [Function],
  "queryByRole": [Function],
  "queryByTestId": [Function],
  "queryByText": [Function],
  "queryByTitle": [Function],
  "rerender": [Function],
  "unmount": [Function],
}
`;

exports[`new blog form should pass a snapshot testing 1`] = `
{
  "asFragment": [Function],
  "baseElement": <body>
    <div>
      <div>
        <h2>
          Create new Blog
        </h2>
        <form>
          <div>
            Title:
            <input
              placeholder="add a blog title here"
              type="text"
              value=""
            />
          </div>
          <div>
            Author:
            <input
              placeholder="add a blog author here"
              type="text"
              value=""
            />
          </div>
          <div>
            Url:
            <input
              placeholder="add a blog url here"
              type="text"
              value=""
            />
          </div>
          <button
            type="submit"
          >
            create
          </button>
        </form>
      </div>
    </div>
  </body>,
  "container": <div>
    <div>
      <h2>
        Create new Blog
      </h2>
      <form>
        <div>
          Title:
          <input
            placeholder="add a blog title here"
            type="text"
            value=""
          />
        </div>
        <div>
          Author:
          <input
            placeholder="add a blog author here"
            type="text"
            value=""
          />
        </div>
        <div>
          Url:
          <input
            placeholder="add a blog url here"
            type="text"
            value=""
          />
        </div>
        <button
          type="submit"
        >
          create
        </button>
      </form>
    </div>
  </div>,
  "debug": [Function],
  "findAllByAltText": [Function],
  "findAllByDisplayValue": [Function],
  "findAllByLabelText": [Function],
  "findAllByPlaceholderText": [Function],
  "findAllByRole": [Function],
  "findAllByTestId": [Function],
  "findAllByText": [Function],
  "findAllByTitle": [Function],
  "findByAltText": [Function],
  "findByDisplayValue": [Function],
  "findByLabelText": [Function],
  "findByPlaceholderText": [Function],
  "findByRole": [Function],
  "findByTestId": [Function],
  "findByText": [Function],
  "findByTitle": [Function],
  "getAllByAltText": [Function],
  "getAllByDisplayValue": [Function],
  "getAllByLabelText": [Function],
  "getAllByPlaceholderText": [Function],
  "getAllByRole": [Function],
  "getAllByTestId": [Function],
  "getAllByText": [Function],
  "getAllByTitle": [Function],
  "getByAltText": [Function],
  "getByDisplayValue": [Function],
  "getByLabelText": [Function],
  "getByPlaceholderText": [Function],
  "getByRole": [Function],
  "getByTestId": [Function],
  "getByText": [Function],
  "getByTitle": [Function],
  "queryAllByAltText": [Function],
  "queryAllByDisplayValue": [Function],
  "queryAllByLabelText": [Function],
  "queryAllByPlaceholderText": [Function],
  "queryAllByRole": [Function],
  "queryAllByTestId": [Function],
  "queryAllByText": [Function],
  "queryAllByTitle": [Function],
  "queryByAltText": [Function],
  "queryByDisplayValue": [Function],
  "queryByLabelText": [Function],
  "queryByPlaceholderText": [Function],
  "queryByRole": [Function],
  "queryByTestId": [Function],
  "queryByText": [Function],
  "queryByTitle": [Function],
  "rerender": [Function],
  "unmount": [Function],
}
`;
